[{"code":"DL3006","column":1,"file":"./sarif-fmt/tests/data/Dockerfile","level":"warning","line":1,"message":"Always tag the version of an image explicitly"},{"code":"DL3015","column":1,"file":"./sarif-fmt/tests/data/Dockerfile","level":"info","line":2,"message":"Avoid additional packages by specifying `--no-install-recommends`"},{"code":"DL3009","column":1,"file":"./sarif-fmt/tests/data/Dockerfile","level":"info","line":2,"message":"Delete the apt-get lists after installing something"},{"code":"SC2154","column":1,"file":"./sarif-fmt/tests/data/Dockerfile","level":"warning","line":2,"message":"node_verion is referenced but not assigned (did you mean 'node_version'?)."},{"code":"DL3045","column":1,"file":"./sarif-fmt/tests/data/Dockerfile","level":"warning","line":4,"message":"`COPY` to a relative destination without `WORKDIR` set."},{"code":"DL3003","column":1,"file":"./sarif-fmt/tests/data/Dockerfile","level":"warning","line":5,"message":"Use WORKDIR to switch to a directory"},{"code":"DL3016","column":1,"file":"./sarif-fmt/tests/data/Dockerfile","level":"warning","line":5,"message":"Pin versions in npm. Instead of `npm install <package>` use `npm install <package>@<version>`"},{"code":"DL3011","column":1,"file":"./sarif-fmt/tests/data/Dockerfile","level":"error","line":8,"message":"Valid UNIX ports range from 0 to 65535"}]