[{"file":"./sarif-fmt/tests/data/shell.sh","line":5,"endLine":5,"column":1,"endColumn":1,"level":"error","code":1073,"message":"Couldn't parse this for loop. Fix to allow more checks.","fix":null},{"file":"./sarif-fmt/tests/data/shell.sh","line":6,"endLine":6,"column":1,"endColumn":1,"level":"error","code":1058,"message":"Expected 'do'.","fix":null},{"file":"./sarif-fmt/tests/data/shell.sh","line":6,"endLine":6,"column":1,"endColumn":1,"level":"error","code":1072,"message":"Expected 'do'. Fix any mentioned problems and try again.","fix":null}]